Microchip MPLAB XC8 Compiler V1.34 ()

Linker command line:

--edf=C:\Program Files (x86)\Microchip\xc8\v1.34\dat\en_msgs.txt -cs \
  -h+dist/default/production\GestureTest.X.production.sym \
  --cmf=dist/default/production\GestureTest.X.production.cmf -z -Q16F877A \
  -oC:\Users\User\AppData\Local\Temp\shao.6 \
  -Mdist/default/production/GestureTest.X.production.map -E1 -ver=XC8 \
  -ASTACK=01D0h-01efh -pstack=STACK -ACODE=00h-07FFhx4,020000h-0200FFh \
  -ASTRCODE=00h-01FFFh,020000h-0200FFh -ASTRING=00h-0FFhx32,020000h-0200FFh \
  -ACONST=00h-0FFhx32,020000h-0200FFh -AENTRY=00h-0FFhx32,020000h-0200FFh \
  -ACOMMON=070h-07Fh -ABANK0=020h-06Fh -ABANK1=0A0h-0EFh \
  -ABANK2=0110h-016Fh -ABANK3=0190h-01EFh \
  -ARAM=020h-06Fh,0A0h-0EFh,0110h-016Fh,0190h-01EFh \
  -AABS1=020h-07Fh,0A0h-0EFh,0110h-016Fh,0190h-01EFh -ASFR0=00h-01Fh \
  -ASFR1=080h-09Fh -ASFR2=0100h-010Fh -ASFR3=0180h-018Fh \
  -preset_vec=00h,intentry=04h,init,end_init -ppowerup=CODE -pcinit=CODE \
  -pfunctab=CODE -ACONFIG=02007h-02007h -pconfig=CONFIG -DCONFIG=2 \
  -AIDLOC=02000h-02003h -pidloc=IDLOC -DIDLOC=2 -AEEDATA=00h-0FFh/02100h \
  -peeprom_data=EEDATA -DEEDATA=2 -DCODE=2 -DSTRCODE=2 -DSTRING=2 -DCONST=2 \
  -DENTRY=2 -k C:\Users\User\AppData\Local\Temp\shao.obj \
  dist/default/production\GestureTest.X.production.obj 

Object code version is 3.11

Machine type is 16F877A



                Name                               Link     Load   Length Selector   Space Scale
C:\Users\User\AppData\Local\Temp\shao.obj
                end_init                             12       12        3        8       0
                reset_vec                             0        0        3        0       0
                config                             2007     2007        1     400E       0
dist/default/production\GestureTest.X.production.obj
                cinit                                15       15       20        8       0
                intentry                              4        4        E        8       0
                text51                              85D      85D       12     10BA       0
                text50                              8F8      8F8       22     11F0       0
                text49                             175D     175D        6     2EBA       0
                text48                              7AD      7AD       43        8       0
                text47                             1775     1775        7     2EEA       0
                text46                             1763     1763        6     2EC6       0
                text45                             1769     1769        6     2ED2       0
                text44                             17EC     17EC       14     2FD8       0
                text43                              AD4      AD4       37     15A8       0
                text42                             178B     178B        B     2F16       0
                text41                              960      960       24     12C0       0
                text40                              CC7      CC7       5C     198E       0
                text39                             17DB     17DB       11     2FB6       0
                text38                              885      885       17     110A       0
                text37                              AA0      AA0       34     1540       0
                text36                              984      984       2E     1308       0
                text35                              B44      B44       3B     1688       0
                text34                              D82      D82       98     1B04       0
                text33                             176F     176F        6     2EDE       0
                text32                             1796     1796        B     2F2C       0
                text31                             17A1     17A1        B     2F42       0
                text30                              B7F      B7F       3B     16FE       0
                text29                             177C     177C        7     2EF8       0
                text28                             17AC     17AC        B     2F58       0
                text27                             17B7     17B7        B     2F6E       0
                text26                             17C2     17C2        C     2F84       0
                text25                              C30      C30       3C     1860       0
                text24                              362      362      1A6        8       0
                text23                              86F      86F       16     10DE       0
                text22                              C6C      C6C       5B     18D8       0
                text21                              91A      91A       23     1234       0
                text20                               35       35      32D        8       0
                text19                              D23      D23       5F     1A46       0
                text18                              69F      69F      10E        8       0
                text17                              EF3      EF3      10D     1DE6       0
                text16                             17CE     17CE        D     2F9C       0
                text15                              93D      93D       23     127A       0
                text14                              89C      89C       17     1138       0
                text13                              8B3      8B3       17     1166       0
                text12                              BBA      BBA       3B     1774       0
                text11                              BF5      BF5       3B     17EA       0
                text10                              9B2      9B2       2E     1364       0
                text9                               9E0      9E0       30     13C0       0
                text8                               A10      A10       30     1420       0
                text7                               A40      A40       30     1480       0
                text6                               8CA      8CA       17     1194       0
                text5                               8E1      8E1       17     11C2       0
                text4                               A70      A70       30     14E0       0
                text3                               508      508      197        8       0
                text2                               7F0      7F0        D        8       0
                text1                               B0B      B0B       39     1616       0
                maintext                            E1A      E1A       D9     1C34       0
                cstackBANK0                          20       20       3C       20       1
                cstackCOMMON                         70       70        6       70       1
                cstackBANK1                          A0       A0       43       A0       1
                cstackBANK3                         190      190       40      190       1
                clrtext                            1783     1783        8     2F06       0
                bssBANK2                            110      110       44      110       1
                bssBANK1                             E3       E3        A       A0       1
                bssBANK0                             5C       5C       12       20       1
                bssCOMMON                            76       76        4       70       1
                strings                             800      800       5C     1000       0

TOTAL           Name                               Link     Load   Length     Space
        CLASS   STACK          

        CLASS   CODE           
                end_init                             12       12        3         0
                cinit                                15       15       20         0
                intentry                              4        4        E         0
                reset_vec                             0        0        3         0
                text51                              85D      85D       12         0
                text50                              8F8      8F8       22         0
                text49                             175D     175D        6         0
                text48                              7AD      7AD       43         0
                text47                             1775     1775        7         0
                text46                             1763     1763        6         0
                text45                             1769     1769        6         0
                text44                             17EC     17EC       14         0
                text43                              AD4      AD4       37         0
                text42                             178B     178B        B         0
                text41                              960      960       24         0
                text40                              CC7      CC7       5C         0
                text39                             17DB     17DB       11         0
                text38                              885      885       17         0
                text37                              AA0      AA0       34         0
                text36                              984      984       2E         0
                text35                              B44      B44       3B         0
                text34                              D82      D82       98         0
                text33                             176F     176F        6         0
                text32                             1796     1796        B         0
                text31                             17A1     17A1        B         0
                text30                              B7F      B7F       3B         0
                text29                             177C     177C        7         0
                text28                             17AC     17AC        B         0
                text27                             17B7     17B7        B         0
                text26                             17C2     17C2        C         0
                text25                              C30      C30       3C         0
                text24                              362      362      1A6         0
                text23                              86F      86F       16         0
                text22                              C6C      C6C       5B         0
                text21                              91A      91A       23         0
                text20                               35       35      32D         0
                text19                              D23      D23       5F         0
                text18                              69F      69F      10E         0
                text17                              EF3      EF3      10D         0
                text16                             17CE     17CE        D         0
                text15                              93D      93D       23         0
                text14                              89C      89C       17         0
                text13                              8B3      8B3       17         0
                text12                              BBA      BBA       3B         0
                text11                              BF5      BF5       3B         0
                text10                              9B2      9B2       2E         0
                text9                               9E0      9E0       30         0
                text8                               A10      A10       30         0
                text7                               A40      A40       30         0
                text6                               8CA      8CA       17         0
                text5                               8E1      8E1       17         0
                text4                               A70      A70       30         0
                text3                               508      508      197         0
                text2                               7F0      7F0        D         0
                text1                               B0B      B0B       39         0
                maintext                            E1A      E1A       D9         0
                clrtext                            1783     1783        8         0

        CLASS   STRCODE        

        CLASS   STRING         
                strings                             800      800       5C         0

        CLASS   CONST          

        CLASS   ENTRY          

        CLASS   COMMON         
                cstackCOMMON                         70       70        6         1
                bssCOMMON                            76       76        4         1

        CLASS   BANK0          
                cstackBANK0                          20       20       3C         1
                bssBANK0                             5C       5C       12         1

        CLASS   BANK1          
                cstackBANK1                          A0       A0       43         1
                bssBANK1                             E3       E3        A         1

        CLASS   BANK2          
                bssBANK2                            110      110       44         1

        CLASS   BANK3          
                cstackBANK3                         190      190       40         1

        CLASS   RAM            

        CLASS   ABS1           
                abs_s1                               7E       7E        2         1

        CLASS   SFR0           

        CLASS   SFR1           

        CLASS   SFR2           

        CLASS   SFR3           

        CLASS   CONFIG         
                config                             2007     2007        1         0

        CLASS   IDLOC          

        CLASS   EEDATA         



SEGMENTS        Name                           Load    Length   Top    Selector   Space  Class     Delta

                reset_vec                      000000  000003  000003         0       0  CODE        2
                intentry                       000004  0007F9  0007FD         8       0  CODE        2
                cstackBANK0                    000020  00004E  00006E        20       1  BANK0       1
                cstackCOMMON                   000070  00000A  00007A        70       1  COMMON      1
                cstackBANK1                    0000A0  00004D  0000ED        A0       1  BANK1       1
                bssBANK2                       000110  000044  000154       110       1  BANK2       1
                cstackBANK3                    000190  000040  0001D0       190       1  BANK3       1
                strings                        000800  00005C  00085C      1000       0  STRING      2
                text51                         00085D  000012  00086F      10BA       0  CODE        2
                text23                         00086F  000016  000885      10DE       0  CODE        2
                text38                         000885  000017  00089C      110A       0  CODE        2
                text14                         00089C  000017  0008B3      1138       0  CODE        2
                text13                         0008B3  000017  0008CA      1166       0  CODE        2
                text6                          0008CA  000017  0008E1      1194       0  CODE        2
                text5                          0008E1  000017  0008F8      11C2       0  CODE        2
                text50                         0008F8  000022  00091A      11F0       0  CODE        2
                text21                         00091A  000023  00093D      1234       0  CODE        2
                text15                         00093D  000023  000960      127A       0  CODE        2
                text41                         000960  000024  000984      12C0       0  CODE        2
                text36                         000984  00002E  0009B2      1308       0  CODE        2
                text10                         0009B2  00002E  0009E0      1364       0  CODE        2
                text9                          0009E0  000030  000A10      13C0       0  CODE        2
                text8                          000A10  000030  000A40      1420       0  CODE        2
                text7                          000A40  000030  000A70      1480       0  CODE        2
                text4                          000A70  000030  000AA0      14E0       0  CODE        2
                text37                         000AA0  000034  000AD4      1540       0  CODE        2
                text43                         000AD4  000037  000B0B      15A8       0  CODE        2
                text1                          000B0B  000039  000B44      1616       0  CODE        2
                text35                         000B44  00003B  000B7F      1688       0  CODE        2
                text30                         000B7F  00003B  000BBA      16FE       0  CODE        2
                text12                         000BBA  00003B  000BF5      1774       0  CODE        2
                text11                         000BF5  00003B  000C30      17EA       0  CODE        2
                text25                         000C30  00003C  000C6C      1860       0  CODE        2
                text22                         000C6C  00005B  000CC7      18D8       0  CODE        2
                text40                         000CC7  00005C  000D23      198E       0  CODE        2
                text19                         000D23  00005F  000D82      1A46       0  CODE        2
                text34                         000D82  000098  000E1A      1B04       0  CODE        2
                maintext                       000E1A  0000D9  000EF3      1C34       0  CODE        2
                text17                         000EF3  00010D  001000      1DE6       0  CODE        2
                text49                         00175D  000006  001763      2EBA       0  CODE        2
                text46                         001763  000006  001769      2EC6       0  CODE        2
                text45                         001769  000006  00176F      2ED2       0  CODE        2
                text33                         00176F  000006  001775      2EDE       0  CODE        2
                text47                         001775  000007  00177C      2EEA       0  CODE        2
                text29                         00177C  000007  001783      2EF8       0  CODE        2
                clrtext                        001783  000008  00178B      2F06       0  CODE        2
                text42                         00178B  00000B  001796      2F16       0  CODE        2
                text32                         001796  00000B  0017A1      2F2C       0  CODE        2
                text31                         0017A1  00000B  0017AC      2F42       0  CODE        2
                text28                         0017AC  00000B  0017B7      2F58       0  CODE        2
                text27                         0017B7  00000B  0017C2      2F6E       0  CODE        2
                text26                         0017C2  00000C  0017CE      2F84       0  CODE        2
                text16                         0017CE  00000D  0017DB      2F9C       0  CODE        2
                text39                         0017DB  000011  0017EC      2FB6       0  CODE        2
                text44                         0017EC  000014  001800      2FD8       0  CODE        2
                config                         002007  000001  002008      400E       0  CONFIG      2


UNUSED ADDRESS RANGES

        Name                Unused          Largest block    Delta
        BANK0            006E-006F              2           1
        BANK1            00ED-00EF              3           1
        BANK2            0154-016F             1C           1
        BANK3            01D0-01EF             20           1
        CODE             0003-0003              1           2
                         07FD-07FF              3
                         085C-085C              1
                         1000-175C            75D
                         1800-1FFF            800
                         20000-200FF            100
        COMMON           007A-007D              4           1
        CONST            0003-0003              1           2
                         07FD-07FF              3
                         085C-085C              1
                         1000-175C            100
                         1800-1FFF            100
                         20000-200FF            100
        EEDATA           2100-21FF            100           2
        ENTRY            0003-0003              1           2
                         07FD-07FF              3
                         085C-085C              1
                         1000-175C            100
                         1800-1FFF            100
                         20000-200FF            100
        IDLOC            2000-2003              4           2
        RAM              006E-006F              2           1
                         00ED-00EF              3
                         0154-016F             1C
                         01D0-01EF             20
        SFR0             0000-001F             20           1
        SFR1             0080-009F             20           1
        SFR2             0100-010F             10           1
        SFR3             0180-018F             10           1
        STACK            01D0-01EF             20           1
        STRCODE          0003-0003              1           2
                         07FD-07FF              3
                         085C-085C              1
                         1000-175C            75D
                         1800-1FFF            800
                         20000-200FF            100
        STRING           0003-0003              1           2
                         07FD-07FF              3
                         085C-085C              1
                         1000-175C            100
                         1800-1FFF            100
                         20000-200FF            100

                                  Symbol Table

?___awdiv                          cstackBANK0  0024
?___wmul                           cstackBANK0  0020
?_readGesture                      cstackBANK0  004D
?_wireReadDataBlock                cstackBANK0  0028
?_wireWriteDataByte                cstackBANK0  0020
DelayMs@Ms                         cstackCOMMON 0074
DelayMs@delay_cnst                 cstackBANK0  0020
I2C_Read_Byte@count                cstackBANK0  0024
I2C_Write_Byte@Byte                cstackCOMMON 0074
_ACKDT                             (abs)        048D
_ACKEN                             (abs)        048C
_ACKSTAT                           (abs)        048E
_BF                                (abs)        04A0
_DelayMs                           text50       08F8
_GIE                               (abs)        005F
_I2C_ReStart                       text49       175D
_I2C_Read_Byte                     text48       07AD
_I2C_Send_NACK                     text47       1775
_I2C_Start                         text46       1763
_I2C_Stop                          text45       1769
_I2C_Write_Byte                    text44       17EC
_INTE                              (abs)        005C
_INTF                              (abs)        0059
_InitI2C                           text16       17CE
_OPTION_REG                        (abs)        0081
_PEIE                              (abs)        005E
_PEN                               (abs)        048A
_PORTA                             (abs)        0005
_PORTB                             (abs)        0006
_PORTC                             (abs)        0007
_PORTD                             (abs)        0008
_PORTE                             (abs)        0009
_RB4                               (abs)        0034
_RB5                               (abs)        0035
_RCEN                              (abs)        048B
_RSEN                              (abs)        0489
_SEN                               (abs)        0488
_SSPADD                            (abs)        0093
_SSPBUF                            (abs)        0013
_SSPCON                            (abs)        0014
_SSPSTAT                           (abs)        0094
_SSPSTATbits                       (abs)        0094
_TRISA                             (abs)        0085
_TRISB                             (abs)        0086
_TRISC                             (abs)        0087
_TRISC3                            (abs)        043B
_TRISC4                            (abs)        043C
_TRISD                             (abs)        0088
_TRISE                             (abs)        0089
__CFG_BOREN$OFF                    (abs)        0000
__CFG_CP$ON                        (abs)        0000
__CFG_CPD$ON                       (abs)        0000
__CFG_FOSC$HS                      (abs)        0000
__CFG_LVP$OFF                      (abs)        0000
__CFG_PWRTE$ON                     (abs)        0000
__CFG_WDTE$OFF                     (abs)        0000
__CFG_WRT$HALF                     (abs)        0000
__Habs1                            abs1         0000
__Hbank0                           bank0        0000
__Hbank1                           bank1        0000
__Hbank2                           bank2        0000
__Hbank3                           bank3        0000
__HbssBANK0                        bssBANK0     0000
__HbssBANK1                        bssBANK1     0000
__HbssBANK2                        bssBANK2     0000
__HbssCOMMON                       bssCOMMON    0000
__Hcinit                           cinit        0035
__Hclrtext                         clrtext      0000
__Hcode                            code         0000
__Hcommon                          common       0000
__Hconfig                          config       2008
__HcstackBANK0                     cstackBANK0  0000
__HcstackBANK1                     cstackBANK1  0000
__HcstackBANK3                     cstackBANK3  0000
__HcstackCOMMON                    cstackCOMMON 0000
__Heeprom_data                     eeprom_data  0000
__Hend_init                        end_init     0015
__Hfunctab                         functab      0000
__Hidloc                           idloc        0000
__Hinit                            init         0012
__Hintentry                        intentry     0012
__Hmaintext                        maintext     0000
__Hpowerup                         powerup      0000
__Hram                             ram          0000
__Hreset_vec                       reset_vec    0003
__Hsfr0                            sfr0         0000
__Hsfr1                            sfr1         0000
__Hsfr2                            sfr2         0000
__Hsfr3                            sfr3         0000
__Hspace_0                         (abs)        2008
__Hspace_1                         (abs)        01D0
__Hspace_2                         (abs)        0000
__Hspace_3                         (abs)        0000
__Hstack                           stack        0000
__Hstrings                         strings      0000
__Htext                            text         0000
__Labs1                            abs1         0000
__Lbank0                           bank0        0000
__Lbank1                           bank1        0000
__Lbank2                           bank2        0000
__Lbank3                           bank3        0000
__LbssBANK0                        bssBANK0     0000
__LbssBANK1                        bssBANK1     0000
__LbssBANK2                        bssBANK2     0000
__LbssCOMMON                       bssCOMMON    0000
__Lcinit                           cinit        0015
__Lclrtext                         clrtext      0000
__Lcode                            code         0000
__Lcommon                          common       0000
__Lconfig                          config       2007
__LcstackBANK0                     cstackBANK0  0000
__LcstackBANK1                     cstackBANK1  0000
__LcstackBANK3                     cstackBANK3  0000
__LcstackCOMMON                    cstackCOMMON 0000
__Leeprom_data                     eeprom_data  0000
__Lend_init                        end_init     0012
__Lfunctab                         functab      0000
__Lidloc                           idloc        0000
__Linit                            init         0012
__Lintentry                        intentry     0004
__Lmaintext                        maintext     0000
__Lpowerup                         powerup      0000
__Lram                             ram          0000
__Lreset_vec                       reset_vec    0000
__Lsfr0                            sfr0         0000
__Lsfr1                            sfr1         0000
__Lsfr2                            sfr2         0000
__Lsfr3                            sfr3         0000
__Lspace_0                         (abs)        0000
__Lspace_1                         (abs)        0000
__Lspace_2                         (abs)        0000
__Lspace_3                         (abs)        0000
__Lstack                           stack        0000
__Lstrings                         strings      0000
__Ltext                            text         0000
__S0                               (abs)        2008
__S1                               (abs)        01D0
__S2                               (abs)        0000
__S3                               (abs)        0000
___awdiv                           text22       0C6C
___awdiv@counter                   cstackBANK0  0029
___awdiv@dividend                  cstackBANK0  0026
___awdiv@divisor                   cstackBANK0  0024
___awdiv@quotient                  cstackBANK0  002B
___awdiv@sign                      cstackBANK0  002A
___int_sp                          stack        0000
___latbits                         (abs)        0002
___sp                              stack        0000
___wmul                            text21       091A
___wmul@multiplicand               cstackBANK0  0022
___wmul@multiplier                 cstackBANK0  0020
___wmul@product                    cstackCOMMON 0074
__end_of_DelayMs                   text50       091A
__end_of_I2C_ReStart               text49       1763
__end_of_I2C_Read_Byte             text48       07F0
__end_of_I2C_Send_NACK             text47       177C
__end_of_I2C_Start                 text46       1769
__end_of_I2C_Stop                  text45       176F
__end_of_I2C_Write_Byte            text44       1800
__end_of_InitI2C                   text16       17DB
__end_of___awdiv                   text22       0CC7
__end_of___wmul                    text21       093D
__end_of__initialization           cinit        0031
__end_of__stringtab                strings      0806
__end_of_decodeGesture             text24       0508
__end_of_enableGestureSensor       text34       0E1A
__end_of_enablePower               text39       17EC
__end_of_getMode                   text42       1796
__end_of_handleGesture             text17       1000
__end_of_initialize                text3        069F
__end_of_isGestureAvailable        text23       0885
__end_of_isr                       text51       086F
__end_of_lcd_2ndline               text27       17C2
__end_of_lcd_clear                 text29       1783
__end_of_lcd_goto                  text2        07FD
__end_of_lcd_home                  text28       17B7
__end_of_lcd_initialize            text1        0B44
__end_of_lcd_putchar               text26       17CE
__end_of_lcd_putstr                text25       0C6C
__end_of_main                      maintext     0EF3
__end_of_processGestureData        text20       0362
__end_of_readGesture               text18       07AD
__end_of_resetGestureParameters    text38       089C
__end_of_send_lcd_data             text30       0BBA
__end_of_setAmbientLightGain       text15       0960
__end_of_setGestureEnterThresh     text14       08B3
__end_of_setGestureExitThresh      text13       08CA
__end_of_setGestureGain            text12       0BF5
__end_of_setGestureIntEnable       text37       0AD4
__end_of_setGestureLEDDrive        text11       0C30
__end_of_setGestureMode            text36       09B2
__end_of_setGestureWaitTime        text10       09E0
__end_of_setLEDBoost               text35       0B7F
__end_of_setLEDDrive               text9        0A10
__end_of_setLightIntHighThreshold  text8        0A40
__end_of_setLightIntLowThreshold   text7        0A70
__end_of_setMode                   text40       0D23
__end_of_setProxIntHighThresh      text6        08E1
__end_of_setProxIntLowThresh       text5        08F8
__end_of_setProximityGain          text4        0AA0
__end_of_set_lcd_data              text33       1775
__end_of_set_lcd_e                 text32       17A1
__end_of_set_lcd_rs                text31       17AC
__end_of_wireReadDataBlock         text19       0D82
__end_of_wireReadDataByte          text43       0B0B
__end_of_wireWriteDataByte         text41       0984
__initialization                   cinit        0015
__pbssBANK0                        bssBANK0     005C
__pbssBANK1                        bssBANK1     00E3
__pbssBANK2                        bssBANK2     0110
__pbssCOMMON                       bssCOMMON    0076
__pcstackBANK0                     cstackBANK0  0020
__pcstackBANK1                     cstackBANK1  00A0
__pcstackBANK3                     cstackBANK3  0190
__pcstackCOMMON                    cstackCOMMON 0070
__pintentry                        intentry     0004
__pmaintext                        maintext     0E1A
__pstrings                         strings      0800
__ptext1                           text1        0B0B
__ptext10                          text10       09B2
__ptext11                          text11       0BF5
__ptext12                          text12       0BBA
__ptext13                          text13       08B3
__ptext14                          text14       089C
__ptext15                          text15       093D
__ptext16                          text16       17CE
__ptext17                          text17       0EF3
__ptext18                          text18       069F
__ptext19                          text19       0D23
__ptext2                           text2        07F0
__ptext20                          text20       0035
__ptext21                          text21       091A
__ptext22                          text22       0C6C
__ptext23                          text23       086F
__ptext24                          text24       0362
__ptext25                          text25       0C30
__ptext26                          text26       17C2
__ptext27                          text27       17B7
__ptext28                          text28       17AC
__ptext29                          text29       177C
__ptext3                           text3        0508
__ptext30                          text30       0B7F
__ptext31                          text31       17A1
__ptext32                          text32       1796
__ptext33                          text33       176F
__ptext34                          text34       0D82
__ptext35                          text35       0B44
__ptext36                          text36       0984
__ptext37                          text37       0AA0
__ptext38                          text38       0885
__ptext39                          text39       17DB
__ptext4                           text4        0A70
__ptext40                          text40       0CC7
__ptext41                          text41       0960
__ptext42                          text42       178B
__ptext43                          text43       0AD4
__ptext44                          text44       17EC
__ptext45                          text45       1769
__ptext46                          text46       1763
__ptext47                          text47       1775
__ptext48                          text48       07AD
__ptext49                          text49       175D
__ptext5                           text5        08E1
__ptext50                          text50       08F8
__ptext51                          text51       085D
__ptext6                           text6        08CA
__ptext7                           text7        0A40
__ptext8                           text8        0A10
__ptext9                           text9        09E0
__size_of_DelayMs                  (abs)        0000
__size_of_I2C_ReStart              (abs)        0000
__size_of_I2C_Read_Byte            (abs)        0000
__size_of_I2C_Send_NACK            (abs)        0000
__size_of_I2C_Start                (abs)        0000
__size_of_I2C_Stop                 (abs)        0000
__size_of_I2C_Write_Byte           (abs)        0000
__size_of_InitI2C                  (abs)        0000
__size_of___awdiv                  (abs)        0000
__size_of___wmul                   (abs)        0000
__size_of_decodeGesture            (abs)        0000
__size_of_enableGestureSensor      (abs)        0000
__size_of_enablePower              (abs)        0000
__size_of_getMode                  (abs)        0000
__size_of_handleGesture            (abs)        0000
__size_of_initialize               (abs)        0000
__size_of_isGestureAvailable       (abs)        0000
__size_of_isr                      (abs)        0000
__size_of_lcd_2ndline              (abs)        0000
__size_of_lcd_clear                (abs)        0000
__size_of_lcd_goto                 (abs)        0000
__size_of_lcd_home                 (abs)        0000
__size_of_lcd_initialize           (abs)        0000
__size_of_lcd_putchar              (abs)        0000
__size_of_lcd_putstr               (abs)        0000
__size_of_main                     (abs)        0000
__size_of_processGestureData       (abs)        0000
__size_of_readGesture              (abs)        0000
__size_of_resetGestureParameters   (abs)        0000
__size_of_send_lcd_data            (abs)        0000
__size_of_setAmbientLightGain      (abs)        0000
__size_of_setGestureEnterThresh    (abs)        0000
__size_of_setGestureExitThresh     (abs)        0000
__size_of_setGestureGain           (abs)        0000
__size_of_setGestureIntEnable      (abs)        0000
__size_of_setGestureLEDDrive       (abs)        0000
__size_of_setGestureMode           (abs)        0000
__size_of_setGestureWaitTime       (abs)        0000
__size_of_setLEDBoost              (abs)        0000
__size_of_setLEDDrive              (abs)        0000
__size_of_setLightIntHighThreshold (abs)        0000
__size_of_setLightIntLowThreshold  (abs)        0000
__size_of_setMode                  (abs)        0000
__size_of_setProxIntHighThresh     (abs)        0000
__size_of_setProxIntLowThresh      (abs)        0000
__size_of_setProximityGain         (abs)        0000
__size_of_set_lcd_data             (abs)        0000
__size_of_set_lcd_e                (abs)        0000
__size_of_set_lcd_rs               (abs)        0000
__size_of_wireReadDataBlock        (abs)        0000
__size_of_wireReadDataByte         (abs)        0000
__size_of_wireWriteDataByte        (abs)        0000
__stringbase                       strings      0805
__stringtab                        strings      0800
_b_i2c_error_flag                  bssBANK0     006C
_decodeGesture                     text24       0362
_decodeGesture$415                 cstackBANK0  0020
_decodeGesture$416                 cstackBANK0  0022
_decodeGesture$417                 cstackBANK0  0024
_decodeGesture$418                 cstackBANK0  0026
_decodeGesture$419                 cstackBANK0  0028
_decodeGesture$420                 cstackBANK0  002A
_decodeGesture$421                 cstackBANK0  002C
_decodeGesture$422                 cstackBANK0  002E
_enableGestureSensor               text34       0D82
_enablePower                       text39       17DB
_gesture_data_                     bssBANK2     0110
_gesture_far_count_                bssBANK0     005C
_gesture_lr_count_                 bssBANK0     005E
_gesture_lr_delta_                 bssBANK0     0060
_gesture_motion_                   bssBANK0     0062
_gesture_near_count_               bssBANK0     0064
_gesture_state_                    bssBANK0     0066
_gesture_ud_count_                 bssBANK0     0068
_gesture_ud_delta_                 bssBANK0     006A
_getMode                           text42       178B
_handleGesture                     text17       0EF3
_handleGestureFlag                 bssBANK0     006D
_initialize                        text3        0508
_isGestureAvailable                text23       086F
_isr                               text51       085D
_lcd_2ndline                       text27       17B7
_lcd_clear                         text29       177C
_lcd_goto                          text2        07F0
_lcd_home                          text28       17AC
_lcd_initialize                    text1        0B0B
_lcd_putchar                       text26       17C2
_lcd_putstr                        text25       0C30
_main                              maintext     0E1A
_processGestureData                text20       0035
_processGestureData$410            cstackBANK0  0037
_processGestureData$411            cstackBANK0  0039
_processGestureData$412            cstackBANK0  003B
_processGestureData$413            cstackBANK0  003D
_readGesture                       text18       069F
_resetGestureParameters            text38       0885
_send_lcd_data                     text30       0B7F
_setAmbientLightGain               text15       093D
_setGestureEnterThresh             text14       089C
_setGestureExitThresh              text13       08B3
_setGestureGain                    text12       0BBA
_setGestureIntEnable               text37       0AA0
_setGestureLEDDrive                text11       0BF5
_setGestureMode                    text36       0984
_setGestureWaitTime                text10       09B2
_setLEDBoost                       text35       0B44
_setLEDDrive                       text9        09E0
_setLightIntHighThreshold          text8        0A10
_setLightIntLowThreshold           text7        0A40
_setMode                           text40       0CC7
_setProxIntHighThresh              text6        08CA
_setProxIntLowThresh               text5        08E1
_setProximityGain                  text4        0A70
_set_lcd_data                      text33       176F
_set_lcd_e                         text32       1796
_set_lcd_rs                        text31       17A1
_wireReadDataBlock                 text19       0D23
_wireReadDataByte                  text43       0AD4
_wireWriteDataByte                 text41       0960
btemp                              (abs)        007E
clear_ram0                         clrtext      1783
enableGestureSensor@interrupts     cstackBANK0  0032
end_of_initialization              cinit        0031
getMode@enable_value               cstackBANK0  002B
initialize@id                      cstackBANK0  0032
interrupt_function                 intentry     0004
intlevel0                          functab      0000
intlevel1                          functab      0000
intlevel2                          functab      0000
intlevel3                          functab      0000
intlevel4                          functab      0000
intlevel5                          functab      0000
isGestureAvailable@val             cstackBANK0  002B
lcd_bcd@F1131                      bssBANK1     00E3
lcd_goto@uc_position               cstackBANK0  0024
lcd_putchar@c_data                 cstackBANK0  0024
lcd_putstr@csz_string              cstackBANK0  0026
ltemp                              (abs)        007E
ltemp0                             (abs)        007E
ltemp1                             (abs)        0082
ltemp2                             (abs)        0086
ltemp3                             (abs)        0080
processGestureData@d_first         cstackBANK0  0044
processGestureData@d_last          cstackBANK0  0040
processGestureData@i               cstackBANK0  004B
processGestureData@l_first         cstackBANK0  0045
processGestureData@l_last          cstackBANK0  0041
processGestureData@lr_delta        cstackBANK0  0049
processGestureData@lr_ratio_first  cstackBANK0  0031
processGestureData@lr_ratio_last   cstackBANK0  0035
processGestureData@r_first         cstackBANK0  0046
processGestureData@r_last          cstackBANK0  0042
processGestureData@u_first         cstackBANK0  0043
processGestureData@u_last          cstackBANK0  003F
processGestureData@ud_delta        cstackBANK0  0047
processGestureData@ud_ratio_first  cstackBANK0  002F
processGestureData@ud_ratio_last   cstackBANK0  0033
readGesture@bytes_read             cstackBANK0  0054
readGesture@fifo_data              cstackBANK3  0190
readGesture@fifo_data2             cstackBANK1  00A0
readGesture@fifo_level             cstackBANK0  0056
readGesture@gstatus                cstackBANK0  0053
readGesture@i                      cstackBANK0  0057
readGesture@motion                 cstackBANK0  0051
reset_vec                          reset_vec    0000
saved_w                            (abs)        007E
send_lcd_data@b_rs                 cstackBANK0  0022
send_lcd_data@uc_data              cstackCOMMON 0075
setAmbientLightGain@drive          cstackBANK0  002B
setAmbientLightGain@val            cstackBANK0  002C
setGestureEnterThresh@threshold    cstackBANK0  0024
setGestureExitThresh@threshold     cstackBANK0  0024
setGestureGain@gain                cstackBANK0  002D
setGestureGain@val                 cstackBANK0  002C
setGestureIntEnable@enable         cstackBANK0  002D
setGestureIntEnable@val            cstackBANK0  002C
setGestureLEDDrive@drive           cstackBANK0  002D
setGestureLEDDrive@val             cstackBANK0  002C
setGestureMode@mode                cstackBANK0  002B
setGestureMode@val                 cstackBANK0  002C
setGestureWaitTime@time            cstackBANK0  002B
setGestureWaitTime@val             cstackBANK0  002C
setLEDBoost@boost                  cstackBANK0  002D
setLEDBoost@val                    cstackBANK0  002C
setLEDDrive@drive                  cstackBANK0  002D
setLEDDrive@val                    cstackBANK0  002C
setLightIntHighThreshold@threshold cstackBANK0  0023
setLightIntHighThreshold@val_high  cstackBANK0  0027
setLightIntHighThreshold@val_low   cstackBANK0  0026
setLightIntLowThreshold@threshold  cstackBANK0  0023
setLightIntLowThreshold@val_high   cstackBANK0  0027
setLightIntLowThreshold@val_low    cstackBANK0  0026
setMode@enable                     cstackBANK0  002C
setMode@mode                       cstackBANK0  0030
setMode@reg_val                    cstackBANK0  002F
setProxIntHighThresh@threshold     cstackBANK0  0024
setProxIntLowThresh@threshold      cstackBANK0  0024
setProximityGain@drive             cstackBANK0  002D
setProximityGain@val               cstackBANK0  002C
set_lcd_data@uc_data               cstackCOMMON 0074
set_lcd_e@b_output                 cstackCOMMON 0074
set_lcd_rs@b_output                cstackCOMMON 0074
stackhi                            (abs)        0000
stacklo                            (abs)        0000
start                              init         0012
start_initialization               cinit        0015
ttemp                              (abs)        007E
ttemp0                             (abs)        007E
ttemp1                             (abs)        0081
ttemp2                             (abs)        0084
ttemp3                             (abs)        0087
ttemp4                             (abs)        007F
wireReadDataBlock@j                cstackBANK0  0030
wireReadDataBlock@len              cstackBANK0  002A
wireReadDataBlock@reg              cstackBANK0  002F
wireReadDataBlock@val              cstackBANK0  0028
wireReadDataByte@reg               cstackBANK0  0028
wireReadDataByte@val               cstackBANK0  0029
wireWriteDataByte@reg              cstackCOMMON 0075
wireWriteDataByte@val              cstackBANK0  0020
wtemp                              (abs)        007E
wtemp0                             (abs)        007E
wtemp1                             (abs)        0080
wtemp2                             (abs)        0082
wtemp3                             (abs)        0084
wtemp4                             (abs)        0086
wtemp5                             (abs)        0088
wtemp6                             (abs)        007F


FUNCTION INFORMATION:

 *************** function _main *****************
 Defined at:
		line 47 in file "GestureTest.c"
 Parameters:    Size  Location     Type
		None
 Auto vars:     Size  Location     Type
		None
 Return value:  Size  Location     Type
                  2   86[None  ] int 
 Registers used:
		wreg, fsr0l, fsr0h, status,2, status,0, btemp+1, pclath, cstack
 Tracked objects:
		On entry : 
		On exit  : 
		Unchanged: 
 Data sizes:     COMMON   BANK0   BANK1   BANK3   BANK2
      Params:         0       0       0       0       0
      Locals:         0       0       0       0       0
      Temps:          0       0       3       0       0
      Totals:         0       0       3       0       0
Total ram usage:        3 bytes
 Hardware stack levels required when called:    7
 This function calls:
		_DelayMs
		_enableGestureSensor
		_handleGesture
		_initialize
		_lcd_clear
		_lcd_goto
		_lcd_home
		_lcd_initialize
		_lcd_putstr
 This function is called by:
		Startup code after reset
 This function uses a non-reentrant model


 *************** function _lcd_initialize *****************
 Defined at:
		line 100 in file "lcd.c"
 Parameters:    Size  Location     Type
		None
 Auto vars:     Size  Location     Type
		None
 Return value:  Size  Location     Type
		None               void
 Registers used:
		wreg, status,2, status,0, pclath, cstack
 Tracked objects:
		On entry : 
		On exit  : 
		Unchanged: 
 Data sizes:     COMMON   BANK0   BANK1   BANK3   BANK2
      Params:         0       0       0       0       0
      Locals:         0       0       0       0       0
      Temps:          0       2       0       0       0
      Totals:         0       2       0       0       0
Total ram usage:        2 bytes
 Hardware stack levels used:    1
 Hardware stack levels required when called:    4
 This function calls:
		_lcd_clear
		_send_lcd_data
		_set_lcd_e
 This function is called by:
		_main
 This function uses a non-reentrant model


 *************** function _lcd_goto *****************
 Defined at:
		line 199 in file "lcd.c"
 Parameters:    Size  Location     Type
  uc_position     1    wreg     unsigned char 
 Auto vars:     Size  Location     Type
  uc_position     1    4[BANK0 ] unsigned char 
 Return value:  Size  Location     Type
		None               void
 Registers used:
		wreg, status,2, status,0, pclath, cstack
 Tracked objects:
		On entry : 
		On exit  : 
		Unchanged: 
 Data sizes:     COMMON   BANK0   BANK1   BANK3   BANK2
      Params:         0       0       0       0       0
      Locals:         0       1       0       0       0
      Temps:          0       1       0       0       0
      Totals:         0       2       0       0       0
Total ram usage:        2 bytes
 Hardware stack levels used:    1
 Hardware stack levels required when called:    3
 This function calls:
		_send_lcd_data
 This function is called by:
		_main
 This function uses a non-reentrant model


 *************** function _initialize *****************
 Defined at:
		line 18 in file "APDS9960.c"
 Parameters:    Size  Location     Type
		None
 Auto vars:     Size  Location     Type
  id              1   18[BANK0 ] unsigned char 
 Return value:  Size  Location     Type
                  1    wreg      unsigned char 
 Registers used:
		wreg, status,2, status,0, pclath, cstack
 Tracked objects:
		On entry : 
		On exit  : 
		Unchanged: 
 Data sizes:     COMMON   BANK0   BANK1   BANK3   BANK2
      Params:         0       0       0       0       0
      Locals:         0       1       0       0       0
      Temps:          0       1       0       0       0
      Totals:         0       2       0       0       0
Total ram usage:        2 bytes
 Hardware stack levels used:    1
 Hardware stack levels required when called:    5
 This function calls:
		_InitI2C
		_setAmbientLightGain
		_setGestureEnterThresh
		_setGestureExitThresh
		_setGestureGain
		_setGestureIntEnable
		_setGestureLEDDrive
		_setGestureWaitTime
		_setLEDDrive
		_setLightIntHighThreshold
		_setLightIntLowThreshold
		_setMode
		_setProxIntHighThresh
		_setProxIntLowThresh
		_setProximityGain
		_wireReadDataByte
		_wireWriteDataByte
 This function is called by:
		_main
 This function uses a non-reentrant model


 *************** function _setProximityGain *****************
 Defined at:
		line 186 in file "APDS9960.c"
 Parameters:    Size  Location     Type
  drive           1    wreg     unsigned char 
 Auto vars:     Size  Location     Type
  drive           1   13[BANK0 ] unsigned char 
  val             1   12[BANK0 ] unsigned char 
 Return value:  Size  Location     Type
                  1    wreg      unsigned char 
 Registers used:
		wreg, status,2, status,0, pclath, cstack
 Tracked objects:
		On entry : 
		On exit  : 
		Unchanged: 
 Data sizes:     COMMON   BANK0   BANK1   BANK3   BANK2
      Params:         0       0       0       0       0
      Locals:         0       2       0       0       0
      Temps:          0       2       0       0       0
      Totals:         0       4       0       0       0
Total ram usage:        4 bytes
 Hardware stack levels used:    1
 Hardware stack levels required when called:    3
 This function calls:
		_wireReadDataByte
		_wireWriteDataByte
 This function is called by:
		_initialize
 This function uses a non-reentrant model


 *************** function _setProxIntLowThresh *****************
 Defined at:
		line 228 in file "APDS9960.c"
 Parameters:    Size  Location     Type
  threshold       1    wreg     unsigned char 
 Auto vars:     Size  Location     Type
  threshold       1    4[BANK0 ] unsigned char 
 Return value:  Size  Location     Type
                  1    wreg      unsigned char 
 Registers used:
		wreg, status,2, status,0, pclath, cstack
 Tracked objects:
		On entry : 
		On exit  : 
		Unchanged: 
 Data sizes:     COMMON   BANK0   BANK1   BANK3   BANK2
      Params:         0       0       0       0       0
      Locals:         0       1       0       0       0
      Temps:          0       1       0       0       0
      Totals:         0       2       0       0       0
Total ram usage:        2 bytes
 Hardware stack levels used:    1
 Hardware stack levels required when called:    3
 This function calls:
		_wireWriteDataByte
 This function is called by:
		_initialize
 This function uses a non-reentrant model


 *************** function _setProxIntHighThresh *****************
 Defined at:
		line 238 in file "APDS9960.c"
 Parameters:    Size  Location     Type
  threshold       1    wreg     unsigned char 
 Auto vars:     Size  Location     Type
  threshold       1    4[BANK0 ] unsigned char 
 Return value:  Size  Location     Type
                  1    wreg      unsigned char 
 Registers used:
		wreg, status,2, status,0, pclath, cstack
 Tracked objects:
		On entry : 
		On exit  : 
		Unchanged: 
 Data sizes:     COMMON   BANK0   BANK1   BANK3   BANK2
      Params:         0       0       0       0       0
      Locals:         0       1       0       0       0
      Temps:          0       1       0       0       0
      Totals:         0       2       0       0       0
Total ram usage:        2 bytes
 Hardware stack levels used:    1
 Hardware stack levels required when called:    3
 This function calls:
		_wireWriteDataByte
 This function is called by:
		_initialize
 This function uses a non-reentrant model


 *************** function _setLightIntLowThreshold *****************
 Defined at:
		line 248 in file "APDS9960.c"
 Parameters:    Size  Location     Type
  threshold       2    3[BANK0 ] unsigned int 
 Auto vars:     Size  Location     Type
  val_high        1    7[BANK0 ] unsigned char 
  val_low         1    6[BANK0 ] unsigned char 
 Return value:  Size  Location     Type
                  1    wreg      unsigned char 
 Registers used:
		wreg, status,2, status,0, pclath, cstack
 Tracked objects:
		On entry : 
		On exit  : 
		Unchanged: 
 Data sizes:     COMMON   BANK0   BANK1   BANK3   BANK2
      Params:         0       2       0       0       0
      Locals:         0       2       0       0       0
      Temps:          0       1       0       0       0
      Totals:         0       5       0       0       0
Total ram usage:        5 bytes
 Hardware stack levels used:    1
 Hardware stack levels required when called:    3
 This function calls:
		_wireWriteDataByte
 This function is called by:
		_initialize
 This function uses a non-reentrant model


 *************** function _setLightIntHighThreshold *****************
 Defined at:
		line 271 in file "APDS9960.c"
 Parameters:    Size  Location     Type
  threshold       2    3[BANK0 ] unsigned int 
 Auto vars:     Size  Location     Type
  val_high        1    7[BANK0 ] unsigned char 
  val_low         1    6[BANK0 ] unsigned char 
 Return value:  Size  Location     Type
                  1    wreg      unsigned char 
 Registers used:
		wreg, status,2, status,0, pclath, cstack
 Tracked objects:
		On entry : 
		On exit  : 
		Unchanged: 
 Data sizes:     COMMON   BANK0   BANK1   BANK3   BANK2
      Params:         0       2       0       0       0
      Locals:         0       2       0       0       0
      Temps:          0       1       0       0       0
      Totals:         0       5       0       0       0
Total ram usage:        5 bytes
 Hardware stack levels used:    1
 Hardware stack levels required when called:    3
 This function calls:
		_wireWriteDataByte
 This function is called by:
		_initialize
 This function uses a non-reentrant model


 *************** function _setLEDDrive *****************
 Defined at:
		line 164 in file "APDS9960.c"
 Parameters:    Size  Location     Type
  drive           1    wreg     unsigned char 
 Auto vars:     Size  Location     Type
  drive           1   13[BANK0 ] unsigned char 
  val             1   12[BANK0 ] unsigned char 
 Return value:  Size  Location     Type
                  1    wreg      unsigned char 
 Registers used:
		wreg, status,2, status,0, pclath, cstack
 Tracked objects:
		On entry : 
		On exit  : 
		Unchanged: 
 Data sizes:     COMMON   BANK0   BANK1   BANK3   BANK2
      Params:         0       0       0       0       0
      Locals:         0       2       0       0       0
      Temps:          0       2       0       0       0
      Totals:         0       4       0       0       0
Total ram usage:        4 bytes
 Hardware stack levels used:    1
 Hardware stack levels required when called:    3
 This function calls:
		_wireReadDataByte
		_wireWriteDataByte
 This function is called by:
		_initialize
 This function uses a non-reentrant model


 *************** function _setGestureWaitTime *****************
 Defined at:
		line 360 in file "APDS9960.c"
 Parameters:    Size  Location     Type
  time            1    wreg     unsigned char 
 Auto vars:     Size  Location     Type
  time            1   11[BANK0 ] unsigned char 
  val             1   12[BANK0 ] unsigned char 
 Return value:  Size  Location     Type
                  1    wreg      unsigned char 
 Registers used:
		wreg, status,2, status,0, pclath, cstack
 Tracked objects:
		On entry : 
		On exit  : 
		Unchanged: 
 Data sizes:     COMMON   BANK0   BANK1   BANK3   BANK2
      Params:         0       0       0       0       0
      Locals:         0       2       0       0       0
      Temps:          0       1       0       0       0
      Totals:         0       3       0       0       0
Total ram usage:        3 bytes
 Hardware stack levels used:    1
 Hardware stack levels required when called:    3
 This function calls:
		_wireReadDataByte
		_wireWriteDataByte
 This function is called by:
		_initialize
 This function uses a non-reentrant model


 *************** function _setGestureLEDDrive *****************
 Defined at:
		line 337 in file "APDS9960.c"
 Parameters:    Size  Location     Type
  drive           1    wreg     unsigned char 
 Auto vars:     Size  Location     Type
  drive           1   13[BANK0 ] unsigned char 
  val             1   12[BANK0 ] unsigned char 
 Return value:  Size  Location     Type
                  1    wreg      unsigned char 
 Registers used:
		wreg, status,2, status,0, pclath, cstack
 Tracked objects:
		On entry : 
		On exit  : 
		Unchanged: 
 Data sizes:     COMMON   BANK0   BANK1   BANK3   BANK2
      Params:         0       0       0       0       0
      Locals:         0       2       0       0       0
      Temps:          0       2       0       0       0
      Totals:         0       4       0       0       0
Total ram usage:        4 bytes
 Hardware stack levels used:    1
 Hardware stack levels required when called:    3
 This function calls:
		_wireReadDataByte
		_wireWriteDataByte
 This function is called by:
		_initialize
 This function uses a non-reentrant model


 *************** function _setGestureGain *****************
 Defined at:
		line 314 in file "APDS9960.c"
 Parameters:    Size  Location     Type
  gain            1    wreg     unsigned char 
 Auto vars:     Size  Location     Type
  gain            1   13[BANK0 ] unsigned char 
  val             1   12[BANK0 ] unsigned char 
 Return value:  Size  Location     Type
                  1    wreg      unsigned char 
 Registers used:
		wreg, status,2, status,0, pclath, cstack
 Tracked objects:
		On entry : 
		On exit  : 
		Unchanged: 
 Data sizes:     COMMON   BANK0   BANK1   BANK3   BANK2
      Params:         0       0       0       0       0
      Locals:         0       2       0       0       0
      Temps:          0       2       0       0       0
      Totals:         0       4       0       0       0
Total ram usage:        4 bytes
 Hardware stack levels used:    1
 Hardware stack levels required when called:    3
 This function calls:
		_wireReadDataByte
		_wireWriteDataByte
 This function is called by:
		_initialize
 This function uses a non-reentrant model


 *************** function _setGestureExitThresh *****************
 Defined at:
		line 304 in file "APDS9960.c"
 Parameters:    Size  Location     Type
  threshold       1    wreg     unsigned char 
 Auto vars:     Size  Location     Type
  threshold       1    4[BANK0 ] unsigned char 
 Return value:  Size  Location     Type
                  1    wreg      unsigned char 
 Registers used:
		wreg, status,2, status,0, pclath, cstack
 Tracked objects:
		On entry : 
		On exit  : 
		Unchanged: 
 Data sizes:     COMMON   BANK0   BANK1   BANK3   BANK2
      Params:         0       0       0       0       0
      Locals:         0       1       0       0       0
      Temps:          0       1       0       0       0
      Totals:         0       2       0       0       0
Total ram usage:        2 bytes
 Hardware stack levels used:    1
 Hardware stack levels required when called:    3
 This function calls:
		_wireWriteDataByte
 This function is called by:
		_initialize
 This function uses a non-reentrant model


 *************** function _setGestureEnterThresh *****************
 Defined at:
		line 294 in file "APDS9960.c"
 Parameters:    Size  Location     Type
  threshold       1    wreg     unsigned char 
 Auto vars:     Size  Location     Type
  threshold       1    4[BANK0 ] unsigned char 
 Return value:  Size  Location     Type
                  1    wreg      unsigned char 
 Registers used:
		wreg, status,2, status,0, pclath, cstack
 Tracked objects:
		On entry : 
		On exit  : 
		Unchanged: 
 Data sizes:     COMMON   BANK0   BANK1   BANK3   BANK2
      Params:         0       0       0       0       0
      Locals:         0       1       0       0       0
      Temps:          0       1       0       0       0
      Totals:         0       2       0       0       0
Total ram usage:        2 bytes
 Hardware stack levels used:    1
 Hardware stack levels required when called:    3
 This function calls:
		_wireWriteDataByte
 This function is called by:
		_initialize
 This function uses a non-reentrant model


 *************** function _setAmbientLightGain *****************
 Defined at:
		line 207 in file "APDS9960.c"
 Parameters:    Size  Location     Type
  drive           1    wreg     unsigned char 
 Auto vars:     Size  Location     Type
  drive           1   11[BANK0 ] unsigned char 
  val             1   12[BANK0 ] unsigned char 
 Return value:  Size  Location     Type
                  1    wreg      unsigned char 
 Registers used:
		wreg, status,2, status,0, pclath, cstack
 Tracked objects:
		On entry : 
		On exit  : 
		Unchanged: 
 Data sizes:     COMMON   BANK0   BANK1   BANK3   BANK2
      Params:         0       0       0       0       0
      Locals:         0       2       0       0       0
      Temps:          0       1       0       0       0
      Totals:         0       3       0       0       0
Total ram usage:        3 bytes
 Hardware stack levels used:    1
 Hardware stack levels required when called:    3
 This function calls:
		_wireReadDataByte
		_wireWriteDataByte
 This function is called by:
		_initialize
 This function uses a non-reentrant model


 *************** function _InitI2C *****************
 Defined at:
		line 11 in file "i2c.c"
 Parameters:    Size  Location     Type
		None
 Auto vars:     Size  Location     Type
		None
 Return value:  Size  Location     Type
		None               void
 Registers used:
		wreg
 Tracked objects:
		On entry : 
		On exit  : 
		Unchanged: 
 Data sizes:     COMMON   BANK0   BANK1   BANK3   BANK2
      Params:         0       0       0       0       0
      Locals:         0       0       0       0       0
      Temps:          0       0       0       0       0
      Totals:         0       0       0       0       0
Total ram usage:        0 bytes
 Hardware stack levels used:    1
 Hardware stack levels required when called:    1
 This function calls:
		Nothing
 This function is called by:
		_initialize
 This function uses a non-reentrant model


 *************** function _handleGesture *****************
 Defined at:
		line 123 in file "GestureTest.c"
 Parameters:    Size  Location     Type
		None
 Auto vars:     Size  Location     Type
		None
 Return value:  Size  Location     Type
		None               void
 Registers used:
		wreg, fsr0l, fsr0h, status,2, status,0, btemp+1, pclath, cstack
 Tracked objects:
		On entry : 
		On exit  : 
		Unchanged: 
 Data sizes:     COMMON   BANK0   BANK1   BANK3   BANK2
      Params:         0       0       0       0       0
      Locals:         0       0       0       0       0
      Temps:          0       3       0       0       0
      Totals:         0       3       0       0       0
Total ram usage:        3 bytes
 Hardware stack levels used:    1
 Hardware stack levels required when called:    5
 This function calls:
		_isGestureAvailable
		_lcd_clear
		_lcd_home
		_lcd_putstr
		_readGesture
 This function is called by:
		_main
 This function uses a non-reentrant model


 *************** function _readGesture *****************
 Defined at:
		line 550 in file "APDS9960.c"
 Parameters:    Size  Location     Type
		None
 Auto vars:     Size  Location     Type
  fifo_data      64    0[BANK3 ] unsigned char [64]
  fifo_data2     64    0[BANK1 ] unsigned char [64]
  i               2   55[BANK0 ] int 
  bytes_read      2   52[BANK0 ] int 
  motion          2   49[BANK0 ] int 
  fifo_level      1   54[BANK0 ] unsigned char 
  gstatus         1   51[BANK0 ] unsigned char 
 Return value:  Size  Location     Type
                  2   45[BANK0 ] int 
 Registers used:
		wreg, fsr0l, fsr0h, status,2, status,0, btemp+1, pclath, cstack
 Tracked objects:
		On entry : 
		On exit  : 
		Unchanged: 
 Data sizes:     COMMON   BANK0   BANK1   BANK3   BANK2
      Params:         0       2       0       0       0
      Locals:         0       8      64      64       0
      Temps:          0       2       0       0       0
      Totals:         0      12      64      64       0
Total ram usage:      140 bytes
 Hardware stack levels used:    1
 Hardware stack levels required when called:    4
 This function calls:
		_decodeGesture
		_getMode
		_isGestureAvailable
		_processGestureData
		_resetGestureParameters
		_wireReadDataBlock
		_wireReadDataByte
 This function is called by:
		_handleGesture
 This function uses a non-reentrant model


 *************** function _wireReadDataBlock *****************
 Defined at:
		line 841 in file "APDS9960.c"
 Parameters:    Size  Location     Type
  reg             1    wreg     unsigned char 
  val             2    8[BANK0 ] PTR unsigned char 
		 -> readGesture@fifo_data2(64), readGesture@fifo_data(64), 
  len             2   10[BANK0 ] unsigned int 
 Auto vars:     Size  Location     Type
  reg             1   15[BANK0 ] unsigned char 
  j               1   16[BANK0 ] unsigned char 
 Return value:  Size  Location     Type
                  2    8[BANK0 ] int 
 Registers used:
		wreg, fsr0l, fsr0h, status,2, status,0, pclath, cstack
 Tracked objects:
		On entry : 
		On exit  : 
		Unchanged: 
 Data sizes:     COMMON   BANK0   BANK1   BANK3   BANK2
      Params:         0       4       0       0       0
      Locals:         0       2       0       0       0
      Temps:          0       3       0       0       0
      Totals:         0       9       0       0       0
Total ram usage:        9 bytes
 Hardware stack levels used:    1
 Hardware stack levels required when called:    2
 This function calls:
		_I2C_ReStart
		_I2C_Read_Byte
		_I2C_Send_NACK
		_I2C_Start
		_I2C_Stop
		_I2C_Write_Byte
 This function is called by:
		_readGesture
 This function uses a non-reentrant model


 *************** function _processGestureData *****************
 Defined at:
		line 651 in file "APDS9960.c"
 Parameters:    Size  Location     Type
		None
 Auto vars:     Size  Location     Type
  i               2   43[BANK0 ] int 
  lr_delta        2   41[BANK0 ] int 
  ud_delta        2   39[BANK0 ] int 
  lr_ratio_las    2   21[BANK0 ] int 
  ud_ratio_las    2   19[BANK0 ] int 
  lr_ratio_fir    2   17[BANK0 ] int 
  ud_ratio_fir    2   15[BANK0 ] int 
  r_first         1   38[BANK0 ] unsigned char 
  l_first         1   37[BANK0 ] unsigned char 
  d_first         1   36[BANK0 ] unsigned char 
  u_first         1   35[BANK0 ] unsigned char 
  r_last          1   34[BANK0 ] unsigned char 
  l_last          1   33[BANK0 ] unsigned char 
  d_last          1   32[BANK0 ] unsigned char 
  u_last          1   31[BANK0 ] unsigned char 
 Return value:  Size  Location     Type
                  1    wreg      unsigned char 
 Registers used:
		wreg, fsr0l, fsr0h, status,2, status,0, btemp+1, pclath, cstack
 Tracked objects:
		On entry : 
		On exit  : 
		Unchanged: 
 Data sizes:     COMMON   BANK0   BANK1   BANK3   BANK2
      Params:         0       0       0       0       0
      Locals:         0      30       0       0       0
      Temps:          0       2       0       0       0
      Totals:         0      32       0       0       0
Total ram usage:       32 bytes
 Hardware stack levels used:    1
 Hardware stack levels required when called:    2
 This function calls:
		___awdiv
		___wmul
 This function is called by:
		_readGesture
 This function uses a non-reentrant model


 *************** function ___wmul *****************
 Defined at:
		line 15 in file "C:\Program Files (x86)\Microchip\xc8\v1.34\sources\common\Umul16.c"
 Parameters:    Size  Location     Type
  multiplier      2    0[BANK0 ] unsigned int 
  multiplicand    2    2[BANK0 ] unsigned int 
 Auto vars:     Size  Location     Type
  product         2    4[COMMON] unsigned int 
 Return value:  Size  Location     Type
                  2    0[BANK0 ] unsigned int 
 Registers used:
		wreg, status,2, status,0
 Tracked objects:
		On entry : 
		On exit  : 
		Unchanged: 
 Data sizes:     COMMON   BANK0   BANK1   BANK3   BANK2
      Params:         0       4       0       0       0
      Locals:         2       0       0       0       0
      Temps:          0       0       0       0       0
      Totals:         2       4       0       0       0
Total ram usage:        6 bytes
 Hardware stack levels used:    1
 Hardware stack levels required when called:    1
 This function calls:
		Nothing
 This function is called by:
		_processGestureData
 This function uses a non-reentrant model


 *************** function ___awdiv *****************
 Defined at:
		line 6 in file "C:\Program Files (x86)\Microchip\xc8\v1.34\sources\common\awdiv.c"
 Parameters:    Size  Location     Type
  divisor         2    4[BANK0 ] int 
  dividend        2    6[BANK0 ] int 
 Auto vars:     Size  Location     Type
  quotient        2   11[BANK0 ] int 
  sign            1   10[BANK0 ] unsigned char 
  counter         1    9[BANK0 ] unsigned char 
 Return value:  Size  Location     Type
                  2    4[BANK0 ] int 
 Registers used:
		wreg, status,2, status,0
 Tracked objects:
		On entry : 
		On exit  : 
		Unchanged: 
 Data sizes:     COMMON   BANK0   BANK1   BANK3   BANK2
      Params:         0       4       0       0       0
      Locals:         0       4       0       0       0
      Temps:          0       1       0       0       0
      Totals:         0       9       0       0       0
Total ram usage:        9 bytes
 Hardware stack levels used:    1
 Hardware stack levels required when called:    1
 This function calls:
		Nothing
 This function is called by:
		_processGestureData
 This function uses a non-reentrant model


 *************** function _isGestureAvailable *****************
 Defined at:
		line 531 in file "APDS9960.c"
 Parameters:    Size  Location     Type
		None
 Auto vars:     Size  Location     Type
  val             1   11[BANK0 ] unsigned char 
 Return value:  Size  Location     Type
                  1    wreg      unsigned char 
 Registers used:
		wreg, status,2, status,0, pclath, cstack
 Tracked objects:
		On entry : 
		On exit  : 
		Unchanged: 
 Data sizes:     COMMON   BANK0   BANK1   BANK3   BANK2
      Params:         0       0       0       0       0
      Locals:         0       1       0       0       0
      Temps:          0       1       0       0       0
      Totals:         0       2       0       0       0
Total ram usage:        2 bytes
 Hardware stack levels used:    1
 Hardware stack levels required when called:    3
 This function calls:
		_wireReadDataByte
 This function is called by:
		_handleGesture
		_readGesture
 This function uses a non-reentrant model


 *************** function _decodeGesture *****************
 Defined at:
		line 789 in file "APDS9960.c"
 Parameters:    Size  Location     Type
		None
 Auto vars:     Size  Location     Type
		None
 Return value:  Size  Location     Type
                  1    wreg      unsigned char 
 Registers used:
		wreg, status,2, status,0, btemp+1
 Tracked objects:
		On entry : 
		On exit  : 
		Unchanged: 
 Data sizes:     COMMON   BANK0   BANK1   BANK3   BANK2
      Params:         0       0       0       0       0
      Locals:         0      16       0       0       0
      Temps:          2       0       0       0       0
      Totals:         2      16       0       0       0
Total ram usage:       18 bytes
 Hardware stack levels used:    1
 Hardware stack levels required when called:    1
 This function calls:
		Nothing
 This function is called by:
		_readGesture
 This function uses a non-reentrant model


 *************** function _lcd_putstr *****************
 Defined at:
		line 241 in file "lcd.c"
 Parameters:    Size  Location     Type
  csz_string      1    wreg     PTR const unsigned char 
		 -> STR_12(5), STR_11(4), STR_10(5), STR_9(6), 
		 -> STR_8(5), STR_7(5), STR_6(3), STR_5(9), 
		 -> STR_4(14), STR_3(6), STR_2(11), STR_1(13), 
 Auto vars:     Size  Location     Type
  csz_string      1    6[BANK0 ] PTR const unsigned char 
		 -> STR_12(5), STR_11(4), STR_10(5), STR_9(6), 
		 -> STR_8(5), STR_7(5), STR_6(3), STR_5(9), 
		 -> STR_4(14), STR_3(6), STR_2(11), STR_1(13), 
 Return value:  Size  Location     Type
		None               void
 Registers used:
		wreg, fsr0l, fsr0h, status,2, status,0, pclath, cstack
 Tracked objects:
		On entry : 
		On exit  : 
		Unchanged: 
 Data sizes:     COMMON   BANK0   BANK1   BANK3   BANK2
      Params:         0       0       0       0       0
      Locals:         0       1       0       0       0
      Temps:          0       1       0       0       0
      Totals:         0       2       0       0       0
Total ram usage:        2 bytes
 Hardware stack levels used:    1
 Hardware stack levels required when called:    4
 This function calls:
		_lcd_2ndline
		_lcd_putchar
 This function is called by:
		_main
		_handleGesture
 This function uses a non-reentrant model


 *************** function _lcd_putchar *****************
 Defined at:
		line 220 in file "lcd.c"
 Parameters:    Size  Location     Type
  c_data          1    wreg     unsigned char 
 Auto vars:     Size  Location     Type
  c_data          1    4[BANK0 ] unsigned char 
 Return value:  Size  Location     Type
		None               void
 Registers used:
		wreg, status,2, status,0, pclath, cstack
 Tracked objects:
		On entry : 
		On exit  : 
		Unchanged: 
 Data sizes:     COMMON   BANK0   BANK1   BANK3   BANK2
      Params:         0       0       0       0       0
      Locals:         0       1       0       0       0
      Temps:          0       1       0       0       0
      Totals:         0       2       0       0       0
Total ram usage:        2 bytes
 Hardware stack levels used:    1
 Hardware stack levels required when called:    3
 This function calls:
		_send_lcd_data
 This function is called by:
		_lcd_putstr
		_lcd_bcd
 This function uses a non-reentrant model


 *************** function _lcd_2ndline *****************
 Defined at:
		line 178 in file "lcd.c"
 Parameters:    Size  Location     Type
		None
 Auto vars:     Size  Location     Type
		None
 Return value:  Size  Location     Type
		None               void
 Registers used:
		wreg, status,2, status,0, pclath, cstack
 Tracked objects:
		On entry : 
		On exit  : 
		Unchanged: 
 Data sizes:     COMMON   BANK0   BANK1   BANK3   BANK2
      Params:         0       0       0       0       0
      Locals:         0       0       0       0       0
      Temps:          0       1       0       0       0
      Totals:         0       1       0       0       0
Total ram usage:        1 bytes
 Hardware stack levels used:    1
 Hardware stack levels required when called:    3
 This function calls:
		_send_lcd_data
 This function is called by:
		_lcd_putstr
 This function uses a non-reentrant model


 *************** function _lcd_home *****************
 Defined at:
		line 157 in file "lcd.c"
 Parameters:    Size  Location     Type
		None
 Auto vars:     Size  Location     Type
		None
 Return value:  Size  Location     Type
		None               void
 Registers used:
		wreg, status,2, status,0, pclath, cstack
 Tracked objects:
		On entry : 
		On exit  : 
		Unchanged: 
 Data sizes:     COMMON   BANK0   BANK1   BANK3   BANK2
      Params:         0       0       0       0       0
      Locals:         0       0       0       0       0
[...]
		On entry : 
		On exit  : 
		Unchanged: 
 Data sizes:     COMMON   BANK0   BANK1   BANK3   BANK2
      Params:         0       0       0       0       0
      Locals:         0       2       0       0       0
      Temps:          0       2       0       0       0
      Totals:         0       4       0       0       0
Total ram usage:        4 bytes
 Hardware stack levels used:    1
 Hardware stack levels required when called:    3
 This function calls:
		_wireReadDataByte
		_wireWriteDataByte
 This function is called by:
		_enableGestureSensor
 This function uses a non-reentrant model


 *************** function _setGestureMode *****************
 Defined at:
		line 500 in file "APDS9960.c"
 Parameters:    Size  Location     Type
  mode            1    wreg     unsigned char 
 Auto vars:     Size  Location     Type
  mode            1   11[BANK0 ] unsigned char 
  val             1   12[BANK0 ] unsigned char 
 Return value:  Size  Location     Type
                  1    wreg      unsigned char 
 Registers used:
		wreg, status,2, status,0, pclath, cstack
 Tracked objects:
		On entry : 
		On exit  : 
		Unchanged: 
 Data sizes:     COMMON   BANK0   BANK1   BANK3   BANK2
      Params:         0       0       0       0       0
      Locals:         0       2       0       0       0
      Temps:          0       1       0       0       0
      Totals:         0       3       0       0       0
Total ram usage:        3 bytes
 Hardware stack levels used:    1
 Hardware stack levels required when called:    3
 This function calls:
		_wireReadDataByte
		_wireWriteDataByte
 This function is called by:
		_enableGestureSensor
 This function uses a non-reentrant model


 *************** function _setGestureIntEnable *****************
 Defined at:
		line 381 in file "APDS9960.c"
 Parameters:    Size  Location     Type
  enable          1    wreg     unsigned char 
 Auto vars:     Size  Location     Type
  enable          1   13[BANK0 ] unsigned char 
  val             1   12[BANK0 ] unsigned char 
 Return value:  Size  Location     Type
                  1    wreg      unsigned char 
 Registers used:
		wreg, status,2, status,0, pclath, cstack
 Tracked objects:
		On entry : 
		On exit  : 
		Unchanged: 
 Data sizes:     COMMON   BANK0   BANK1   BANK3   BANK2
      Params:         0       0       0       0       0
      Locals:         0       2       0       0       0
      Temps:          0       2       0       0       0
      Totals:         0       4       0       0       0
Total ram usage:        4 bytes
 Hardware stack levels used:    1
 Hardware stack levels required when called:    3
 This function calls:
		_wireReadDataByte
		_wireWriteDataByte
 This function is called by:
		_initialize
		_enableGestureSensor
 This function uses a non-reentrant model


 *************** function _resetGestureParameters *****************
 Defined at:
		line 451 in file "APDS9960.c"
 Parameters:    Size  Location     Type
		None
 Auto vars:     Size  Location     Type
		None
 Return value:  Size  Location     Type
		None               void
 Registers used:
		status,2
 Tracked objects:
		On entry : 
		On exit  : 
		Unchanged: 
 Data sizes:     COMMON   BANK0   BANK1   BANK3   BANK2
      Params:         0       0       0       0       0
      Locals:         0       0       0       0       0
      Temps:          0       0       0       0       0
      Totals:         0       0       0       0       0
Total ram usage:        0 bytes
 Hardware stack levels used:    1
 Hardware stack levels required when called:    1
 This function calls:
		Nothing
 This function is called by:
		_enableGestureSensor
		_readGesture
 This function uses a non-reentrant model


 *************** function _enablePower *****************
 Defined at:
		line 521 in file "APDS9960.c"
 Parameters:    Size  Location     Type
		None
 Auto vars:     Size  Location     Type
		None
 Return value:  Size  Location     Type
                  1    wreg      unsigned char 
 Registers used:
		wreg, status,2, status,0, pclath, cstack
 Tracked objects:
		On entry : 
		On exit  : 
		Unchanged: 
 Data sizes:     COMMON   BANK0   BANK1   BANK3   BANK2
      Params:         0       0       0       0       0
      Locals:         0       0       0       0       0
      Temps:          0       0       0       0       0
      Totals:         0       0       0       0       0
Total ram usage:        0 bytes
 Hardware stack levels used:    1
 Hardware stack levels required when called:    5
 This function calls:
		_setMode
 This function is called by:
		_enableGestureSensor
 This function uses a non-reentrant model


 *************** function _setMode *****************
 Defined at:
		line 118 in file "APDS9960.c"
 Parameters:    Size  Location     Type
  mode            1    wreg     unsigned char 
  enable          1   12[BANK0 ] unsigned char 
 Auto vars:     Size  Location     Type
  mode            1   16[BANK0 ] unsigned char 
  reg_val         1   15[BANK0 ] unsigned char 
 Return value:  Size  Location     Type
                  1    wreg      unsigned char 
 Registers used:
		wreg, status,2, status,0, pclath, cstack
 Tracked objects:
		On entry : 
		On exit  : 
		Unchanged: 
 Data sizes:     COMMON   BANK0   BANK1   BANK3   BANK2
      Params:         0       1       0       0       0
      Locals:         0       2       0       0       0
      Temps:          0       2       0       0       0
      Totals:         0       5       0       0       0
Total ram usage:        5 bytes
 Hardware stack levels used:    1
 Hardware stack levels required when called:    4
 This function calls:
		_getMode
		_wireWriteDataByte
 This function is called by:
		_initialize
		_enableGestureSensor
		_enablePower
 This function uses a non-reentrant model


 *************** function _wireWriteDataByte *****************
 Defined at:
		line 866 in file "APDS9960.c"
 Parameters:    Size  Location     Type
  reg             1    wreg     unsigned char 
  val             1    0[BANK0 ] unsigned char 
 Auto vars:     Size  Location     Type
  reg             1    5[COMMON] unsigned char 
 Return value:  Size  Location     Type
                  2    0[BANK0 ] int 
 Registers used:
		wreg, status,2, status,0, pclath, cstack
 Tracked objects:
		On entry : 
		On exit  : 
		Unchanged: 
 Data sizes:     COMMON   BANK0   BANK1   BANK3   BANK2
      Params:         0       3       0       0       0
      Locals:         1       0       0       0       0
      Temps:          0       0       0       0       0
      Totals:         1       3       0       0       0
Total ram usage:        4 bytes
 Hardware stack levels used:    1
 Hardware stack levels required when called:    2
 This function calls:
		_I2C_Start
		_I2C_Stop
		_I2C_Write_Byte
 This function is called by:
		_initialize
		_setMode
		_setLEDDrive
		_setProximityGain
		_setAmbientLightGain
		_setProxIntLowThresh
		_setProxIntHighThresh
		_setLightIntLowThreshold
		_setLightIntHighThreshold
		_setGestureEnterThresh
		_setGestureExitThresh
		_setGestureGain
		_setGestureLEDDrive
		_setGestureWaitTime
		_setGestureIntEnable
		_enableGestureSensor
		_setLEDBoost
		_setGestureMode
 This function uses a non-reentrant model


 *************** function _getMode *****************
 Defined at:
		line 153 in file "APDS9960.c"
 Parameters:    Size  Location     Type
		None
 Auto vars:     Size  Location     Type
  enable_value    1   11[BANK0 ] unsigned char 
 Return value:  Size  Location     Type
                  1    wreg      unsigned char 
 Registers used:
		wreg, status,2, status,0, pclath, cstack
 Tracked objects:
		On entry : 
		On exit  : 
		Unchanged: 
 Data sizes:     COMMON   BANK0   BANK1   BANK3   BANK2
      Params:         0       0       0       0       0
      Locals:         0       1       0       0       0
      Temps:          0       1       0       0       0
      Totals:         0       2       0       0       0
Total ram usage:        2 bytes
 Hardware stack levels used:    1
 Hardware stack levels required when called:    3
 This function calls:
		_wireReadDataByte
 This function is called by:
		_setMode
		_readGesture
 This function uses a non-reentrant model


 *************** function _wireReadDataByte *****************
 Defined at:
		line 879 in file "APDS9960.c"
 Parameters:    Size  Location     Type
  reg             1    wreg     unsigned char 
 Auto vars:     Size  Location     Type
  reg             1    8[BANK0 ] unsigned char 
  val             1    9[BANK0 ] unsigned char 
 Return value:  Size  Location     Type
                  1    wreg      unsigned char 
 Registers used:
		wreg, status,2, status,0, pclath, cstack
 Tracked objects:
		On entry : 
		On exit  : 
		Unchanged: 
 Data sizes:     COMMON   BANK0   BANK1   BANK3   BANK2
      Params:         0       0       0       0       0
      Locals:         0       2       0       0       0
      Temps:          1       0       0       0       0
      Totals:         1       2       0       0       0
Total ram usage:        3 bytes
 Hardware stack levels used:    1
 Hardware stack levels required when called:    2
 This function calls:
		_I2C_ReStart
		_I2C_Read_Byte
		_I2C_Send_NACK
		_I2C_Start
		_I2C_Stop
		_I2C_Write_Byte
 This function is called by:
		_initialize
		_getMode
		_setLEDDrive
		_setProximityGain
		_setAmbientLightGain
		_setGestureGain
		_setGestureLEDDrive
		_setGestureWaitTime
		_setGestureIntEnable
		_setLEDBoost
		_setGestureMode
		_isGestureAvailable
		_readGesture
 This function uses a non-reentrant model


 *************** function _I2C_Write_Byte *****************
 Defined at:
		line 66 in file "i2c.c"
 Parameters:    Size  Location     Type
  Byte            1    wreg     unsigned char 
 Auto vars:     Size  Location     Type
  Byte            1    4[COMMON] unsigned char 
 Return value:  Size  Location     Type
		None               void
 Registers used:
		wreg, status,2
 Tracked objects:
		On entry : 
		On exit  : 
		Unchanged: 
 Data sizes:     COMMON   BANK0   BANK1   BANK3   BANK2
      Params:         0       0       0       0       0
      Locals:         1       0       0       0       0
      Temps:          0       0       0       0       0
      Totals:         1       0       0       0       0
Total ram usage:        1 bytes
 Hardware stack levels used:    1
 Hardware stack levels required when called:    1
 This function calls:
		Nothing
 This function is called by:
		_wireReadDataBlock
		_wireWriteDataByte
		_wireReadDataByte
 This function uses a non-reentrant model


 *************** function _I2C_Stop *****************
 Defined at:
		line 43 in file "i2c.c"
 Parameters:    Size  Location     Type
		None
 Auto vars:     Size  Location     Type
		None
 Return value:  Size  Location     Type
		None               void
 Registers used:
		None
 Tracked objects:
		On entry : 
		On exit  : 
		Unchanged: 
 Data sizes:     COMMON   BANK0   BANK1   BANK3   BANK2
      Params:         0       0       0       0       0
      Locals:         0       0       0       0       0
      Temps:          0       0       0       0       0
      Totals:         0       0       0       0       0
Total ram usage:        0 bytes
 Hardware stack levels used:    1
 Hardware stack levels required when called:    1
 This function calls:
		Nothing
 This function is called by:
		_wireReadDataBlock
		_wireWriteDataByte
		_wireReadDataByte
 This function uses a non-reentrant model


 *************** function _I2C_Start *****************
 Defined at:
		line 29 in file "i2c.c"
 Parameters:    Size  Location     Type
		None
 Auto vars:     Size  Location     Type
		None
 Return value:  Size  Location     Type
		None               void
 Registers used:
		None
 Tracked objects:
		On entry : 
		On exit  : 
		Unchanged: 
 Data sizes:     COMMON   BANK0   BANK1   BANK3   BANK2
      Params:         0       0       0       0       0
      Locals:         0       0       0       0       0
      Temps:          0       0       0       0       0
      Totals:         0       0       0       0       0
Total ram usage:        0 bytes
 Hardware stack levels used:    1
 Hardware stack levels required when called:    1
 This function calls:
		Nothing
 This function is called by:
		_wireReadDataBlock
		_wireWriteDataByte
		_wireReadDataByte
 This function uses a non-reentrant model


 *************** function _I2C_Send_NACK *****************
 Defined at:
		line 58 in file "i2c.c"
 Parameters:    Size  Location     Type
		None
 Auto vars:     Size  Location     Type
		None
 Return value:  Size  Location     Type
		None               void
 Registers used:
		None
 Tracked objects:
		On entry : 
		On exit  : 
		Unchanged: 
 Data sizes:     COMMON   BANK0   BANK1   BANK3   BANK2
      Params:         0       0       0       0       0
      Locals:         0       0       0       0       0
      Temps:          0       0       0       0       0
      Totals:         0       0       0       0       0
Total ram usage:        0 bytes
 Hardware stack levels used:    1
 Hardware stack levels required when called:    1
 This function calls:
		Nothing
 This function is called by:
		_wireReadDataBlock
		_wireReadDataByte
 This function uses a non-reentrant model


 *************** function _I2C_Read_Byte *****************
 Defined at:
		line 87 in file "i2c.c"
 Parameters:    Size  Location     Type
		None
 Auto vars:     Size  Location     Type
  count           4    4[BANK0 ] unsigned long 
 Return value:  Size  Location     Type
                  1    wreg      unsigned char 
 Registers used:
		wreg
 Tracked objects:
		On entry : 
		On exit  : 
		Unchanged: 
 Data sizes:     COMMON   BANK0   BANK1   BANK3   BANK2
      Params:         0       0       0       0       0
      Locals:         0       4       0       0       0
      Temps:          0       4       0       0       0
      Totals:         0       8       0       0       0
Total ram usage:        8 bytes
 Hardware stack levels used:    1
 Hardware stack levels required when called:    1
 This function calls:
		Nothing
 This function is called by:
		_wireReadDataBlock
		_wireReadDataByte
 This function uses a non-reentrant model


 *************** function _I2C_ReStart *****************
 Defined at:
		line 36 in file "i2c.c"
 Parameters:    Size  Location     Type
		None
 Auto vars:     Size  Location     Type
		None
 Return value:  Size  Location     Type
		None               void
 Registers used:
		None
 Tracked objects:
		On entry : 
		On exit  : 
		Unchanged: 
 Data sizes:     COMMON   BANK0   BANK1   BANK3   BANK2
      Params:         0       0       0       0       0
      Locals:         0       0       0       0       0
      Temps:          0       0       0       0       0
      Totals:         0       0       0       0       0
Total ram usage:        0 bytes
 Hardware stack levels used:    1
 Hardware stack levels required when called:    1
 This function calls:
		Nothing
 This function is called by:
		_wireReadDataBlock
		_wireReadDataByte
 This function uses a non-reentrant model


 *************** function _DelayMs *****************
 Defined at:
		line 175 in file "GestureTest.c"
 Parameters:    Size  Location     Type
  Ms              2    4[COMMON] unsigned int 
 Auto vars:     Size  Location     Type
  delay_cnst      2    0[BANK0 ] int 
 Return value:  Size  Location     Type
		None               void
 Registers used:
		wreg, status,2, status,0, btemp+1
 Tracked objects:
		On entry : 
		On exit  : 
		Unchanged: 
 Data sizes:     COMMON   BANK0   BANK1   BANK3   BANK2
      Params:         2       0       0       0       0
      Locals:         0       2       0       0       0
      Temps:          0       0       0       0       0
      Totals:         2       2       0       0       0
Total ram usage:        4 bytes
 Hardware stack levels used:    1
 Hardware stack levels required when called:    1
 This function calls:
		Nothing
 This function is called by:
		_main
 This function uses a non-reentrant model


 *************** function _isr *****************
 Defined at:
		line 36 in file "GestureTest.c"
 Parameters:    Size  Location     Type
		None
 Auto vars:     Size  Location     Type
		None
 Return value:  Size  Location     Type
		None               void
 Registers used:
		None
 Tracked objects:
		On entry : 
		On exit  : 
		Unchanged: 
 Data sizes:     COMMON   BANK0   BANK1   BANK3   BANK2
      Params:         0       0       0       0       0
      Locals:         0       0       0       0       0
      Temps:          4       0       0       0       0
      Totals:         4       0       0       0       0
Total ram usage:        4 bytes
 Hardware stack levels used:    1
 This function calls:
		Nothing
 This function is called by:
		Interrupt level 1
 This function uses a non-reentrant model



MODULE INFORMATION

Module		Function		Class		Link	Load	Size
GestureTest.c
		_main          		CODE           	0E1A	0000	218
		_DelayMs       		CODE           	08F8	0000	35
		_isr           		CODE           	085D	0000	19
		_handleGesture 		CODE           	0EF3	0000	270

GestureTest.c estimated size: 542

i2c.c
		_I2C_Stop      		CODE           	1769	0000	7
		_InitI2C       		CODE           	17CE	0000	14
		_I2C_Write_Byte		CODE           	17EC	0000	21
		_I2C_Read_Byte 		CODE           	07AD	0000	68
		_I2C_Send_NACK 		CODE           	1775	0000	8
		_I2C_Start     		CODE           	1763	0000	7
		_I2C_ReStart   		CODE           	175D	0000	7

i2c.c estimated size: 132

shared
		__stringtab    		STRING         	0800	0000	7
		__initializatio		CODE           	0015	0000	29

shared estimated size: 36

C:\Program Files (x86)\Microchip\xc8\v1.34\sources\common\awdiv.c
		___awdiv       		CODE           	0C6C	0000	92

C:\Program Files (x86)\Microchip\xc8\v1.34\sources\common\awdiv.c estimated size: 92

lcd.c
		_set_lcd_e     		CODE           	1796	0000	12
		_set_lcd_rs    		CODE           	17A1	0000	12
		_lcd_2ndline   		CODE           	17B7	0000	12
		_set_lcd_data  		CODE           	176F	0000	7
		_lcd_putstr    		CODE           	0C30	0000	61
		_lcd_putchar   		CODE           	17C2	0000	13
		_lcd_initialize		CODE           	0B0B	0000	58
		_lcd_clear     		CODE           	177C	0000	8
		_lcd_goto      		CODE           	07F0	0000	14
		_send_lcd_data 		CODE           	0B7F	0000	60
		_lcd_home      		CODE           	17AC	0000	12

lcd.c estimated size: 269

APDS9960.c
		_wireReadDataBl		CODE           	0D23	0000	96
		_setGestureEnte		CODE           	089C	0000	24
		_setProxIntHigh		CODE           	08CA	0000	24
		_decodeGesture 		CODE           	0362	0000	423
		_setMode       		CODE           	0CC7	0000	93
		_setLEDDrive   		CODE           	09E0	0000	49
		_setGestureIntE		CODE           	0AA0	0000	53
		_setLightIntHig		CODE           	0A10	0000	49
		_resetGesturePa		CODE           	0885	0000	24
		_readGesture   		CODE           	069F	0000	271
		_processGesture		CODE           	0035	0000	814
		_setLightIntLow		CODE           	0A40	0000	49
		_enablePower   		CODE           	17DB	0000	18
		_setGestureMode		CODE           	0984	0000	47
		_setGestureGain		CODE           	0BBA	0000	60
		_setGestureExit		CODE           	08B3	0000	24
		_setLEDBoost   		CODE           	0B44	0000	60
		_setGestureWait		CODE           	09B2	0000	47
		_setAmbientLigh		CODE           	093D	0000	36
		_initialize    		CODE           	0508	0000	408
		_setGestureLEDD		CODE           	0BF5	0000	60
		_setProximityGa		CODE           	0A70	0000	49
		_wireWriteDataB		CODE           	0960	0000	37
		_setProxIntLowT		CODE           	08E1	0000	24
		_wireReadDataBy		CODE           	0AD4	0000	56
		_enableGestureS		CODE           	0D82	0000	153
		_getMode       		CODE           	178B	0000	12
		_isGestureAvail		CODE           	086F	0000	23

APDS9960.c estimated size: 3083

C:\Program Files (x86)\Microchip\xc8\v1.34\sources\common\Umul16.c
		___wmul        		CODE           	091A	0000	36

C:\Program Files (x86)\Microchip\xc8\v1.34\sources\common\Umul16.c estimated size: 36

